// Jest Snapshot v1, https://goo.gl/fbAQLP

exports[`matches the snapshot 1`] = `
<section>
  <header
    className="header"
  >
    <h1
      className="header__h1"
    >
      <span
        className="header__text"
      >
        Inspiration Board
      </span>
    </h1>
  </header>
  <Board
    boardName="elle-johnnie"
    url="https://inspiration-board.herokuapp.com/boards/"
  />
</section>
`;
